Day2
-----
Ansible
---------

Download/Clone the Git repository from tektutor github (ubuntu-ansible)
-----------------------------------
root@ubuntu:~# mkdir -p verizon/Day2/ansible
root@ubuntu:~# cd verizon/Day2/ansible
root@ubuntu:~/verizon/Day2/ansible# git clone https://github.com/tektutor/ubuntu-ansible.git
Cloning into 'ubuntu-ansible'...
remote: Counting objects: 6, done.
remote: Total 6 (delta 0), reused 0 (delta 0), pack-reused 6
Unpacking objects: 100% (6/6), done.
root@ubuntu:~/verizon/Day2/ansible# cd ubuntu-ansible/
root@ubuntu:~/verizon/Day2/ansible/ubuntu-ansible# ls -lrth
total 4.0K
-rw-r--r-- 1 root root 555 Sep  3 21:32 Dockerfile
root@ubuntu:~/verizon/Day2/ansible/ubuntu-ansible# 


Edit the file Dockerfile with below contents
----------------

FROM ubuntu:16.04

RUN apt-get update && apt-get install -y openssh-server && apt-get install -y python-minimal
RUN mkdir /var/run/sshd
RUN echo 'root:root' | chpasswd
RUN sed -i 's/PermitRootLogin prohibit-password/PermitRootLogin yes/' /etc/ssh/sshd_config

# SSH login fix. Otherwise user is kicked off after login
RUN sed 's@session\s*required\s*pam_loginuid.so@session optional pam_loginuid.so@g' -i /etc/pam.d/sshd

RUN mkdir -p /root/.ssh
COPY authorized_keys /root/.ssh/authorized_keys

EXPOSE 22
EXPOSE 80
CMD ["/usr/sbin/sshd", "-D"]

Now generate teh pub and pribvate key
-----------------
root@ubuntu:~/verizon/Day2/ansible/ubuntu-ansible# ssh-keygen
Generating public/private rsa key pair.
Enter file in which to save the key (/root/.ssh/id_rsa): 
Created directory '/root/.ssh'.
Enter passphrase (empty for no passphrase): 
Enter same passphrase again: 
Your identification has been saved in /root/.ssh/id_rsa.
Your public key has been saved in /root/.ssh/id_rsa.pub.
The key fingerprint is:
SHA256:8UucRAyKV+MYb26ryeRNC8+qbI8Aut/eZgFmPb49cAY root@ubuntu
The key's randomart image is:
+---[RSA 2048]----+
|      . +o.      |
|     . B o.      |
|    ..+ = .      |
|    +.Eo = .     |
|.  o o oS =      |
|..    +.oo .     |
|. .   oBo .      |
| . +.*+Oo.       |
|...o*=O.=.       |
+----[SHA256]-----+

Now copy the public key to authorized_keys
----------------
root@ubuntu:~/verizon/Day2/ansible/ubuntu-ansible# cp /root/.ssh/id_rsa.pub authorized_keys

Now build the docker image
-----------
root@ubuntu:~/verizon/Day2/ansible/ubuntu-ansible# docker build -t verizon/ansible-ubuntu .
Sending build context to Docker daemon   59.9kB
Step 1/11 : FROM ubuntu:16.04
16.04: Pulling from library/ubuntu
3b37166ec614: Already exists 
ba077e1ddb3a: Already exists 
34c83d2bc656: Already exists 
84b69b6e4743: Already exists 
0f72e97e1f61: Already exists 
Digest: sha256:a218d8dacc99e49cbdc5862d5c6ee105eb40d4e87bec2e4dac37361c30171ce0
Status: Downloaded newer image for ubuntu:16.04
 ---> 52b10959e8aa
Step 2/11 : RUN apt-get update && apt-get install -y openssh-server && apt-get install -y python-minimal
 ---> Running in f113241eacc2
Get:1 http://security.ubuntu.com/ubuntu xenial-security InRelease [107 kB]
Get:2 http://archive.ubuntu.com/ubuntu xenial InRelease [247 kB]
Get:3 http://archive.ubuntu.com/ubuntu xenial-updates InRelease [109 kB]
Get:4 http://security.ubuntu.com/ubuntu xenial-security/universe Sources [89.7 kB]
Get:5 http://archive.ubuntu.com/ubuntu xenial-backports InRelease [107 kB]
Get:6 http://archive.ubuntu.com/ubuntu xenial/universe Sources [9802 kB]
Get:7 http://security.ubuntu.com/ubuntu xenial-security/main amd64 Packages [702 kB]
Get:8 http://archive.ubuntu.com/ubuntu xenial/main amd64 Packages [1558 kB]
Get:9 http://archive.ubuntu.com/ubuntu xenial/restricted amd64 Packages [14.1 kB]
Get:10 http://archive.ubuntu.com/ubuntu xenial/universe amd64 Packages [9827 kB]
Get:11 http://archive.ubuntu.com/ubuntu xenial/multiverse amd64 Packages [176 kB]
Get:12 http://archive.ubuntu.com/ubuntu xenial-updates/universe Sources [276 kB]
Get:13 http://archive.ubuntu.com/ubuntu xenial-updates/main amd64 Packages [1087 kB]
Get:14 http://archive.ubuntu.com/ubuntu xenial-updates/restricted amd64 Packages [13.1 kB]
Get:15 http://archive.ubuntu.com/ubuntu xenial-updates/universe amd64 Packages [877 kB]
Get:16 http://security.ubuntu.com/ubuntu xenial-security/restricted amd64 Packages [12.7 kB]
Get:17 http://security.ubuntu.com/ubuntu xenial-security/universe amd64 Packages [467 kB]
Get:18 http://archive.ubuntu.com/ubuntu xenial-updates/multiverse amd64 Packages [18.8 kB]
Get:19 http://archive.ubuntu.com/ubuntu xenial-backports/main amd64 Packages [7343 B]
Get:20 http://archive.ubuntu.com/ubuntu xenial-backports/universe amd64 Packages [8086 B]
Get:21 http://security.ubuntu.com/ubuntu xenial-security/multiverse amd64 Packages [3748 B]
Fetched 25.5 MB in 6s (3840 kB/s)
Reading package lists...
Reading package lists...
Building dependency tree...
Reading state information...
The following additional packages will be installed:
  ca-certificates dh-python file krb5-locales libbsd0 libedit2 libexpat1
  libgssapi-krb5-2 libidn11 libk5crypto3 libkeyutils1 libkrb5-3
  libkrb5support0 libmagic1 libmpdec2 libpython3-stdlib libpython3.5-minimal
  libpython3.5-stdlib libsqlite3-0 libssl1.0.0 libwrap0 libx11-6 libx11-data
  libxau6 libxcb1 libxdmcp6 libxext6 libxmuu1 mime-support ncurses-term
  openssh-client openssh-sftp-server openssl python3 python3-chardet
  python3-minimal python3-pkg-resources python3-requests python3-six
  python3-urllib3 python3.5 python3.5-minimal ssh-import-id tcpd wget xauth
Suggested packages:
  libdpkg-perl krb5-doc krb5-user ssh-askpass libpam-ssh keychain monkeysphere
  rssh molly-guard ufw python3-doc python3-tk python3-venv python3-setuptools
  python3-ndg-httpsclient python3-openssl python3-pyasn1 python3.5-venv
  python3.5-doc binutils binfmt-support
The following NEW packages will be installed:
  ca-certificates dh-python file krb5-locales libbsd0 libedit2 libexpat1
  libgssapi-krb5-2 libidn11 libk5crypto3 libkeyutils1 libkrb5-3
  libkrb5support0 libmagic1 libmpdec2 libpython3-stdlib libpython3.5-minimal
  libpython3.5-stdlib libsqlite3-0 libssl1.0.0 libwrap0 libx11-6 libx11-data
  libxau6 libxcb1 libxdmcp6 libxext6 libxmuu1 mime-support ncurses-term
  openssh-client openssh-server openssh-sftp-server openssl python3
  python3-chardet python3-minimal python3-pkg-resources python3-requests
  python3-six python3-urllib3 python3.5 python3.5-minimal ssh-import-id tcpd
  wget xauth
0 upgraded, 47 newly installed, 0 to remove and 0 not upgraded.
Need to get 10.5 MB of archives.
After this operation, 55.1 MB of additional disk space will be used.
Get:1 http://archive.ubuntu.com/ubuntu xenial-updates/main amd64 libssl1.0.0 amd64 1.0.2g-1ubuntu4.13 [1083 kB]
Get:2 http://archive.ubuntu.com/ubuntu xenial-updates/main amd64 libpython3.5-minimal amd64 3.5.2-2ubuntu0~16.04.4 [523 kB]
Get:3 http://archive.ubuntu.com/ubuntu xenial-updates/main amd64 libexpat1 amd64 2.1.0-7ubuntu0.16.04.3 [71.2 kB]
Get:4 http://archive.ubuntu.com/ubuntu xenial-updates/main amd64 python3.5-minimal amd64 3.5.2-2ubuntu0~16.04.4 [1597 kB]
Get:5 http://archive.ubuntu.com/ubuntu xenial/main amd64 python3-minimal amd64 3.5.1-3 [23.3 kB]
Get:6 http://archive.ubuntu.com/ubuntu xenial/main amd64 mime-support all 3.59ubuntu1 [31.0 kB]
Get:7 http://archive.ubuntu.com/ubuntu xenial/main amd64 libmpdec2 amd64 2.4.2-1 [82.6 kB]
Get:8 http://archive.ubuntu.com/ubuntu xenial/main amd64 libsqlite3-0 amd64 3.11.0-1ubuntu1 [396 kB]
Get:9 http://archive.ubuntu.com/ubuntu xenial-updates/main amd64 libpython3.5-stdlib amd64 3.5.2-2ubuntu0~16.04.4 [2132 kB]
Get:10 http://archive.ubuntu.com/ubuntu xenial-updates/main amd64 python3.5 amd64 3.5.2-2ubuntu0~16.04.4 [165 kB]
Get:11 http://archive.ubuntu.com/ubuntu xenial/main amd64 libpython3-stdlib amd64 3.5.1-3 [6818 B]
Get:12 http://archive.ubuntu.com/ubuntu xenial-updates/main amd64 dh-python all 2.20151103ubuntu1.1 [74.1 kB]
Get:13 http://archive.ubuntu.com/ubuntu xenial/main amd64 python3 amd64 3.5.1-3 [8710 B]
Get:14 http://archive.ubuntu.com/ubuntu xenial/main amd64 libxau6 amd64 1:1.0.8-1 [8376 B]
Get:15 http://archive.ubuntu.com/ubuntu xenial/main amd64 libxdmcp6 amd64 1:1.1.2-1.1 [11.0 kB]
Get:16 http://archive.ubuntu.com/ubuntu xenial/main amd64 libxcb1 amd64 1.11.1-1ubuntu1 [40.0 kB]
Get:17 http://archive.ubuntu.com/ubuntu xenial-updates/main amd64 libx11-data all 2:1.6.3-1ubuntu2.1 [113 kB]
Get:18 http://archive.ubuntu.com/ubuntu xenial-updates/main amd64 libx11-6 amd64 2:1.6.3-1ubuntu2.1 [570 kB]
Get:19 http://archive.ubuntu.com/ubuntu xenial/main amd64 libxext6 amd64 2:1.3.3-1 [29.4 kB]
Get:20 http://archive.ubuntu.com/ubuntu xenial/main amd64 libwrap0 amd64 7.6.q-25 [46.2 kB]
Get:21 http://archive.ubuntu.com/ubuntu xenial-updates/main amd64 libmagic1 amd64 1:5.25-2ubuntu1.1 [216 kB]
Get:22 http://archive.ubuntu.com/ubuntu xenial-updates/main amd64 file amd64 1:5.25-2ubuntu1.1 [21.2 kB]
Get:23 http://archive.ubuntu.com/ubuntu xenial/main amd64 libbsd0 amd64 0.8.2-1 [41.7 kB]
Get:24 http://archive.ubuntu.com/ubuntu xenial-updates/main amd64 libidn11 amd64 1.32-3ubuntu1.2 [46.5 kB]
Get:25 http://archive.ubuntu.com/ubuntu xenial-updates/main amd64 openssl amd64 1.0.2g-1ubuntu4.13 [492 kB]
Get:26 http://archive.ubuntu.com/ubuntu xenial-updates/main amd64 ca-certificates all 20170717~16.04.1 [168 kB]
Get:27 http://archive.ubuntu.com/ubuntu xenial-updates/main amd64 krb5-locales all 1.13.2+dfsg-5ubuntu2 [13.2 kB]
Get:28 http://archive.ubuntu.com/ubuntu xenial/main amd64 libedit2 amd64 3.1-20150325-1ubuntu2 [76.5 kB]
Get:29 http://archive.ubuntu.com/ubuntu xenial-updates/main amd64 libkrb5support0 amd64 1.13.2+dfsg-5ubuntu2 [30.8 kB]
Get:30 http://archive.ubuntu.com/ubuntu xenial-updates/main amd64 libk5crypto3 amd64 1.13.2+dfsg-5ubuntu2 [81.2 kB]
Get:31 http://archive.ubuntu.com/ubuntu xenial/main amd64 libkeyutils1 amd64 1.5.9-8ubuntu1 [9904 B]
Get:32 http://archive.ubuntu.com/ubuntu xenial-updates/main amd64 libkrb5-3 amd64 1.13.2+dfsg-5ubuntu2 [273 kB]
Get:33 http://archive.ubuntu.com/ubuntu xenial-updates/main amd64 libgssapi-krb5-2 amd64 1.13.2+dfsg-5ubuntu2 [120 kB]
Get:34 http://archive.ubuntu.com/ubuntu xenial/main amd64 libxmuu1 amd64 2:1.1.2-2 [9674 B]
Get:35 http://archive.ubuntu.com/ubuntu xenial-updates/main amd64 openssh-client amd64 1:7.2p2-4ubuntu2.4 [589 kB]
Get:36 http://archive.ubuntu.com/ubuntu xenial-updates/main amd64 wget amd64 1.17.1-1ubuntu1.4 [299 kB]
Get:37 http://archive.ubuntu.com/ubuntu xenial/main amd64 xauth amd64 1:1.0.9-1ubuntu2 [22.7 kB]
Get:38 http://archive.ubuntu.com/ubuntu xenial/main amd64 ncurses-term all 6.0+20160213-1ubuntu1 [249 kB]
Get:39 http://archive.ubuntu.com/ubuntu xenial-updates/main amd64 openssh-sftp-server amd64 1:7.2p2-4ubuntu2.4 [38.7 kB]
Get:40 http://archive.ubuntu.com/ubuntu xenial-updates/main amd64 openssh-server amd64 1:7.2p2-4ubuntu2.4 [335 kB]
Get:41 http://archive.ubuntu.com/ubuntu xenial/main amd64 python3-pkg-resources all 20.7.0-1 [79.0 kB]
Get:42 http://archive.ubuntu.com/ubuntu xenial/main amd64 python3-chardet all 2.3.0-2 [96.2 kB]
Get:43 http://archive.ubuntu.com/ubuntu xenial/main amd64 python3-six all 1.10.0-3 [11.0 kB]
Get:44 http://archive.ubuntu.com/ubuntu xenial-updates/main amd64 python3-urllib3 all 1.13.1-2ubuntu0.16.04.2 [58.1 kB]
Get:45 http://archive.ubuntu.com/ubuntu xenial/main amd64 python3-requests all 2.9.1-3 [55.4 kB]
Get:46 http://archive.ubuntu.com/ubuntu xenial/main amd64 tcpd amd64 7.6.q-25 [23.0 kB]
Get:47 http://archive.ubuntu.com/ubuntu xenial/main amd64 ssh-import-id all 5.5-0ubuntu1 [10.2 kB]
debconf: delaying package configuration, since apt-utils is not installed
Fetched 10.5 MB in 38s (273 kB/s)
Selecting previously unselected package libssl1.0.0:amd64.
(Reading database ... 4768 files and directories currently installed.)
Preparing to unpack .../libssl1.0.0_1.0.2g-1ubuntu4.13_amd64.deb ...
Unpacking libssl1.0.0:amd64 (1.0.2g-1ubuntu4.13) ...
Selecting previously unselected package libpython3.5-minimal:amd64.
Preparing to unpack .../libpython3.5-minimal_3.5.2-2ubuntu0~16.04.4_amd64.deb ...
Unpacking libpython3.5-minimal:amd64 (3.5.2-2ubuntu0~16.04.4) ...
Selecting previously unselected package libexpat1:amd64.
Preparing to unpack .../libexpat1_2.1.0-7ubuntu0.16.04.3_amd64.deb ...
Unpacking libexpat1:amd64 (2.1.0-7ubuntu0.16.04.3) ...
Selecting previously unselected package python3.5-minimal.
Preparing to unpack .../python3.5-minimal_3.5.2-2ubuntu0~16.04.4_amd64.deb ...
Unpacking python3.5-minimal (3.5.2-2ubuntu0~16.04.4) ...
Selecting previously unselected package python3-minimal.
Preparing to unpack .../python3-minimal_3.5.1-3_amd64.deb ...
Unpacking python3-minimal (3.5.1-3) ...
Selecting previously unselected package mime-support.
Preparing to unpack .../mime-support_3.59ubuntu1_all.deb ...
Unpacking mime-support (3.59ubuntu1) ...
Selecting previously unselected package libmpdec2:amd64.
Preparing to unpack .../libmpdec2_2.4.2-1_amd64.deb ...
Unpacking libmpdec2:amd64 (2.4.2-1) ...
Selecting previously unselected package libsqlite3-0:amd64.
Preparing to unpack .../libsqlite3-0_3.11.0-1ubuntu1_amd64.deb ...
Unpacking libsqlite3-0:amd64 (3.11.0-1ubuntu1) ...
Selecting previously unselected package libpython3.5-stdlib:amd64.
Preparing to unpack .../libpython3.5-stdlib_3.5.2-2ubuntu0~16.04.4_amd64.deb ...
Unpacking libpython3.5-stdlib:amd64 (3.5.2-2ubuntu0~16.04.4) ...
Selecting previously unselected package python3.5.
Preparing to unpack .../python3.5_3.5.2-2ubuntu0~16.04.4_amd64.deb ...
Unpacking python3.5 (3.5.2-2ubuntu0~16.04.4) ...
Selecting previously unselected package libpython3-stdlib:amd64.
Preparing to unpack .../libpython3-stdlib_3.5.1-3_amd64.deb ...
Unpacking libpython3-stdlib:amd64 (3.5.1-3) ...
Selecting previously unselected package dh-python.
Preparing to unpack .../dh-python_2.20151103ubuntu1.1_all.deb ...
Unpacking dh-python (2.20151103ubuntu1.1) ...
Processing triggers for libc-bin (2.23-0ubuntu10) ...
Setting up libssl1.0.0:amd64 (1.0.2g-1ubuntu4.13) ...
debconf: unable to initialize frontend: Dialog
debconf: (TERM is not set, so the dialog frontend is not usable.)
debconf: falling back to frontend: Readline
debconf: unable to initialize frontend: Readline
debconf: (Can't locate Term/ReadLine.pm in @INC (you may need to install the Term::ReadLine module) (@INC contains: /etc/perl /usr/local/lib/x86_64-linux-gnu/perl/5.22.1 /usr/local/share/perl/5.22.1 /usr/lib/x86_64-linux-gnu/perl5/5.22 /usr/share/perl5 /usr/lib/x86_64-linux-gnu/perl/5.22 /usr/share/perl/5.22 /usr/local/lib/site_perl /usr/lib/x86_64-linux-gnu/perl-base .) at /usr/share/perl5/Debconf/FrontEnd/Readline.pm line 7.)
debconf: falling back to frontend: Teletype
Setting up libpython3.5-minimal:amd64 (3.5.2-2ubuntu0~16.04.4) ...
Setting up libexpat1:amd64 (2.1.0-7ubuntu0.16.04.3) ...
Setting up python3.5-minimal (3.5.2-2ubuntu0~16.04.4) ...
Setting up python3-minimal (3.5.1-3) ...
Processing triggers for libc-bin (2.23-0ubuntu10) ...
Selecting previously unselected package python3.
(Reading database ... 5744 files and directories currently installed.)
Preparing to unpack .../python3_3.5.1-3_amd64.deb ...
Unpacking python3 (3.5.1-3) ...
Selecting previously unselected package libxau6:amd64.
Preparing to unpack .../libxau6_1%3a1.0.8-1_amd64.deb ...
Unpacking libxau6:amd64 (1:1.0.8-1) ...
Selecting previously unselected package libxdmcp6:amd64.
Preparing to unpack .../libxdmcp6_1%3a1.1.2-1.1_amd64.deb ...
Unpacking libxdmcp6:amd64 (1:1.1.2-1.1) ...
Selecting previously unselected package libxcb1:amd64.
Preparing to unpack .../libxcb1_1.11.1-1ubuntu1_amd64.deb ...
Unpacking libxcb1:amd64 (1.11.1-1ubuntu1) ...
Selecting previously unselected package libx11-data.
Preparing to unpack .../libx11-data_2%3a1.6.3-1ubuntu2.1_all.deb ...
Unpacking libx11-data (2:1.6.3-1ubuntu2.1) ...
Selecting previously unselected package libx11-6:amd64.
Preparing to unpack .../libx11-6_2%3a1.6.3-1ubuntu2.1_amd64.deb ...
Unpacking libx11-6:amd64 (2:1.6.3-1ubuntu2.1) ...
Selecting previously unselected package libxext6:amd64.
Preparing to unpack .../libxext6_2%3a1.3.3-1_amd64.deb ...
Unpacking libxext6:amd64 (2:1.3.3-1) ...
Selecting previously unselected package libwrap0:amd64.
Preparing to unpack .../libwrap0_7.6.q-25_amd64.deb ...
Unpacking libwrap0:amd64 (7.6.q-25) ...
Selecting previously unselected package libmagic1:amd64.
Preparing to unpack .../libmagic1_1%3a5.25-2ubuntu1.1_amd64.deb ...
Unpacking libmagic1:amd64 (1:5.25-2ubuntu1.1) ...
Selecting previously unselected package file.
Preparing to unpack .../file_1%3a5.25-2ubuntu1.1_amd64.deb ...
Unpacking file (1:5.25-2ubuntu1.1) ...
Selecting previously unselected package libbsd0:amd64.
Preparing to unpack .../libbsd0_0.8.2-1_amd64.deb ...
Unpacking libbsd0:amd64 (0.8.2-1) ...
Selecting previously unselected package libidn11:amd64.
Preparing to unpack .../libidn11_1.32-3ubuntu1.2_amd64.deb ...
Unpacking libidn11:amd64 (1.32-3ubuntu1.2) ...
Selecting previously unselected package openssl.
Preparing to unpack .../openssl_1.0.2g-1ubuntu4.13_amd64.deb ...
Unpacking openssl (1.0.2g-1ubuntu4.13) ...
Selecting previously unselected package ca-certificates.
Preparing to unpack .../ca-certificates_20170717~16.04.1_all.deb ...
Unpacking ca-certificates (20170717~16.04.1) ...
Selecting previously unselected package krb5-locales.
Preparing to unpack .../krb5-locales_1.13.2+dfsg-5ubuntu2_all.deb ...
Unpacking krb5-locales (1.13.2+dfsg-5ubuntu2) ...
Selecting previously unselected package libedit2:amd64.
Preparing to unpack .../libedit2_3.1-20150325-1ubuntu2_amd64.deb ...
Unpacking libedit2:amd64 (3.1-20150325-1ubuntu2) ...
Selecting previously unselected package libkrb5support0:amd64.
Preparing to unpack .../libkrb5support0_1.13.2+dfsg-5ubuntu2_amd64.deb ...
Unpacking libkrb5support0:amd64 (1.13.2+dfsg-5ubuntu2) ...
Selecting previously unselected package libk5crypto3:amd64.
Preparing to unpack .../libk5crypto3_1.13.2+dfsg-5ubuntu2_amd64.deb ...
Unpacking libk5crypto3:amd64 (1.13.2+dfsg-5ubuntu2) ...
Selecting previously unselected package libkeyutils1:amd64.
Preparing to unpack .../libkeyutils1_1.5.9-8ubuntu1_amd64.deb ...
Unpacking libkeyutils1:amd64 (1.5.9-8ubuntu1) ...
Selecting previously unselected package libkrb5-3:amd64.
Preparing to unpack .../libkrb5-3_1.13.2+dfsg-5ubuntu2_amd64.deb ...
Unpacking libkrb5-3:amd64 (1.13.2+dfsg-5ubuntu2) ...
Selecting previously unselected package libgssapi-krb5-2:amd64.
Preparing to unpack .../libgssapi-krb5-2_1.13.2+dfsg-5ubuntu2_amd64.deb ...
Unpacking libgssapi-krb5-2:amd64 (1.13.2+dfsg-5ubuntu2) ...
Selecting previously unselected package libxmuu1:amd64.
Preparing to unpack .../libxmuu1_2%3a1.1.2-2_amd64.deb ...
Unpacking libxmuu1:amd64 (2:1.1.2-2) ...
Selecting previously unselected package openssh-client.
Preparing to unpack .../openssh-client_1%3a7.2p2-4ubuntu2.4_amd64.deb ...
Unpacking openssh-client (1:7.2p2-4ubuntu2.4) ...
Selecting previously unselected package wget.
Preparing to unpack .../wget_1.17.1-1ubuntu1.4_amd64.deb ...
Unpacking wget (1.17.1-1ubuntu1.4) ...
Selecting previously unselected package xauth.
Preparing to unpack .../xauth_1%3a1.0.9-1ubuntu2_amd64.deb ...
Unpacking xauth (1:1.0.9-1ubuntu2) ...
Selecting previously unselected package ncurses-term.
Preparing to unpack .../ncurses-term_6.0+20160213-1ubuntu1_all.deb ...
Unpacking ncurses-term (6.0+20160213-1ubuntu1) ...
Selecting previously unselected package openssh-sftp-server.
Preparing to unpack .../openssh-sftp-server_1%3a7.2p2-4ubuntu2.4_amd64.deb ...
Unpacking openssh-sftp-server (1:7.2p2-4ubuntu2.4) ...
Selecting previously unselected package openssh-server.
Preparing to unpack .../openssh-server_1%3a7.2p2-4ubuntu2.4_amd64.deb ...
Unpacking openssh-server (1:7.2p2-4ubuntu2.4) ...
Selecting previously unselected package python3-pkg-resources.
Preparing to unpack .../python3-pkg-resources_20.7.0-1_all.deb ...
Unpacking python3-pkg-resources (20.7.0-1) ...
Selecting previously unselected package python3-chardet.
Preparing to unpack .../python3-chardet_2.3.0-2_all.deb ...
Unpacking python3-chardet (2.3.0-2) ...
Selecting previously unselected package python3-six.
Preparing to unpack .../python3-six_1.10.0-3_all.deb ...
Unpacking python3-six (1.10.0-3) ...
Selecting previously unselected package python3-urllib3.
Preparing to unpack .../python3-urllib3_1.13.1-2ubuntu0.16.04.2_all.deb ...
Unpacking python3-urllib3 (1.13.1-2ubuntu0.16.04.2) ...
Selecting previously unselected package python3-requests.
Preparing to unpack .../python3-requests_2.9.1-3_all.deb ...
Unpacking python3-requests (2.9.1-3) ...
Selecting previously unselected package tcpd.
Preparing to unpack .../tcpd_7.6.q-25_amd64.deb ...
Unpacking tcpd (7.6.q-25) ...
Selecting previously unselected package ssh-import-id.
Preparing to unpack .../ssh-import-id_5.5-0ubuntu1_all.deb ...
Unpacking ssh-import-id (5.5-0ubuntu1) ...
Processing triggers for libc-bin (2.23-0ubuntu10) ...
Processing triggers for systemd (229-4ubuntu21.4) ...
Setting up mime-support (3.59ubuntu1) ...
Setting up libmpdec2:amd64 (2.4.2-1) ...
Setting up libsqlite3-0:amd64 (3.11.0-1ubuntu1) ...
Setting up libpython3.5-stdlib:amd64 (3.5.2-2ubuntu0~16.04.4) ...
Setting up python3.5 (3.5.2-2ubuntu0~16.04.4) ...
Setting up libpython3-stdlib:amd64 (3.5.1-3) ...
Setting up libxau6:amd64 (1:1.0.8-1) ...
Setting up libxdmcp6:amd64 (1:1.1.2-1.1) ...
Setting up libxcb1:amd64 (1.11.1-1ubuntu1) ...
Setting up libx11-data (2:1.6.3-1ubuntu2.1) ...
Setting up libx11-6:amd64 (2:1.6.3-1ubuntu2.1) ...
Setting up libxext6:amd64 (2:1.3.3-1) ...
Setting up libwrap0:amd64 (7.6.q-25) ...
Setting up libmagic1:amd64 (1:5.25-2ubuntu1.1) ...
Setting up file (1:5.25-2ubuntu1.1) ...
Setting up libbsd0:amd64 (0.8.2-1) ...
Setting up libidn11:amd64 (1.32-3ubuntu1.2) ...
Setting up openssl (1.0.2g-1ubuntu4.13) ...
Setting up ca-certificates (20170717~16.04.1) ...
debconf: unable to initialize frontend: Dialog
debconf: (TERM is not set, so the dialog frontend is not usable.)
debconf: falling back to frontend: Readline
debconf: unable to initialize frontend: Readline
debconf: (Can't locate Term/ReadLine.pm in @INC (you may need to install the Term::ReadLine module) (@INC contains: /etc/perl /usr/local/lib/x86_64-linux-gnu/perl/5.22.1 /usr/local/share/perl/5.22.1 /usr/lib/x86_64-linux-gnu/perl5/5.22 /usr/share/perl5 /usr/lib/x86_64-linux-gnu/perl/5.22 /usr/share/perl/5.22 /usr/local/lib/site_perl /usr/lib/x86_64-linux-gnu/perl-base .) at /usr/share/perl5/Debconf/FrontEnd/Readline.pm line 7.)
debconf: falling back to frontend: Teletype
Setting up krb5-locales (1.13.2+dfsg-5ubuntu2) ...
Setting up libedit2:amd64 (3.1-20150325-1ubuntu2) ...
Setting up libkrb5support0:amd64 (1.13.2+dfsg-5ubuntu2) ...
Setting up libk5crypto3:amd64 (1.13.2+dfsg-5ubuntu2) ...
Setting up libkeyutils1:amd64 (1.5.9-8ubuntu1) ...
Setting up libkrb5-3:amd64 (1.13.2+dfsg-5ubuntu2) ...
Setting up libgssapi-krb5-2:amd64 (1.13.2+dfsg-5ubuntu2) ...
Setting up libxmuu1:amd64 (2:1.1.2-2) ...
Setting up openssh-client (1:7.2p2-4ubuntu2.4) ...
Setting up wget (1.17.1-1ubuntu1.4) ...
Setting up xauth (1:1.0.9-1ubuntu2) ...
Setting up ncurses-term (6.0+20160213-1ubuntu1) ...
Setting up openssh-sftp-server (1:7.2p2-4ubuntu2.4) ...
Setting up openssh-server (1:7.2p2-4ubuntu2.4) ...
debconf: unable to initialize frontend: Dialog
debconf: (TERM is not set, so the dialog frontend is not usable.)
debconf: falling back to frontend: Readline
debconf: unable to initialize frontend: Readline
debconf: (Can't locate Term/ReadLine.pm in @INC (you may need to install the Term::ReadLine module) (@INC contains: /etc/perl /usr/local/lib/x86_64-linux-gnu/perl/5.22.1 /usr/local/share/perl/5.22.1 /usr/lib/x86_64-linux-gnu/perl5/5.22 /usr/share/perl5 /usr/lib/x86_64-linux-gnu/perl/5.22 /usr/share/perl/5.22 /usr/local/lib/site_perl /usr/lib/x86_64-linux-gnu/perl-base .) at /usr/share/perl5/Debconf/FrontEnd/Readline.pm line 7.)
debconf: falling back to frontend: Teletype
Creating SSH2 RSA key; this may take some time ...
2048 SHA256:0rZYYOVeZJEpHOK9JEFXzE2yoabFT7a4NWvwYMH10Cg root@f113241eacc2 (RSA)
Creating SSH2 DSA key; this may take some time ...
1024 SHA256:bUflo4PI/qbkxCKlSr94hl3329lCgLjoh2W4DVF//RU root@f113241eacc2 (DSA)
Creating SSH2 ECDSA key; this may take some time ...
256 SHA256:+ctu3QJI6ipkabUCc6O42sVQMYeTokXoTtaqkYa3lOo root@f113241eacc2 (ECDSA)
Creating SSH2 ED25519 key; this may take some time ...
256 SHA256:NjwMmeHt/f//QvU0cn8vPBYO0/uZJfmrJZYJQVy5AiU root@f113241eacc2 (ED25519)
invoke-rc.d: could not determine current runlevel
invoke-rc.d: policy-rc.d denied execution of start.
Setting up tcpd (7.6.q-25) ...
Setting up dh-python (2.20151103ubuntu1.1) ...
Setting up python3 (3.5.1-3) ...
running python rtupdate hooks for python3.5...
running python post-rtupdate hooks for python3.5...
Setting up python3-pkg-resources (20.7.0-1) ...
Setting up python3-chardet (2.3.0-2) ...
Setting up python3-six (1.10.0-3) ...
Setting up python3-urllib3 (1.13.1-2ubuntu0.16.04.2) ...
Setting up python3-requests (2.9.1-3) ...
Setting up ssh-import-id (5.5-0ubuntu1) ...
Processing triggers for libc-bin (2.23-0ubuntu10) ...
Processing triggers for ca-certificates (20170717~16.04.1) ...
Updating certificates in /etc/ssl/certs...
148 added, 0 removed; done.
Running hooks in /etc/ca-certificates/update.d...
done.
Processing triggers for systemd (229-4ubuntu21.4) ...
Reading package lists...
Building dependency tree...
Reading state information...
The following additional packages will be installed:
  libffi6 libpython-stdlib libpython2.7-minimal libpython2.7-stdlib python
  python2.7 python2.7-minimal
Suggested packages:
  python-doc python-tk python2.7-doc binutils binfmt-support
The following NEW packages will be installed:
  libffi6 libpython-stdlib libpython2.7-minimal libpython2.7-stdlib python
  python-minimal python2.7 python2.7-minimal
0 upgraded, 8 newly installed, 0 to remove and 0 not upgraded.
Need to get 3895 kB of archives.
After this operation, 16.6 MB of additional disk space will be used.
Get:1 http://archive.ubuntu.com/ubuntu xenial-updates/main amd64 libpython2.7-minimal amd64 2.7.12-1ubuntu0~16.04.3 [340 kB]
Get:2 http://archive.ubuntu.com/ubuntu xenial-updates/main amd64 python2.7-minimal amd64 2.7.12-1ubuntu0~16.04.3 [1261 kB]
Get:3 http://archive.ubuntu.com/ubuntu xenial-updates/main amd64 python-minimal amd64 2.7.12-1~16.04 [28.1 kB]
Get:4 http://archive.ubuntu.com/ubuntu xenial/main amd64 libffi6 amd64 3.2.1-4 [17.8 kB]
Get:5 http://archive.ubuntu.com/ubuntu xenial-updates/main amd64 libpython2.7-stdlib amd64 2.7.12-1ubuntu0~16.04.3 [1880 kB]
Get:6 http://archive.ubuntu.com/ubuntu xenial-updates/main amd64 python2.7 amd64 2.7.12-1ubuntu0~16.04.3 [224 kB]
Get:7 http://archive.ubuntu.com/ubuntu xenial-updates/main amd64 libpython-stdlib amd64 2.7.12-1~16.04 [7768 B]
Get:8 http://archive.ubuntu.com/ubuntu xenial-updates/main amd64 python amd64 2.7.12-1~16.04 [137 kB]
debconf: delaying package configuration, since apt-utils is not installed
Fetched 3895 kB in 1s (1982 kB/s)
Selecting previously unselected package libpython2.7-minimal:amd64.
(Reading database ... 9401 files and directories currently installed.)
Preparing to unpack .../libpython2.7-minimal_2.7.12-1ubuntu0~16.04.3_amd64.deb ...
Unpacking libpython2.7-minimal:amd64 (2.7.12-1ubuntu0~16.04.3) ...
Selecting previously unselected package python2.7-minimal.
Preparing to unpack .../python2.7-minimal_2.7.12-1ubuntu0~16.04.3_amd64.deb ...
Unpacking python2.7-minimal (2.7.12-1ubuntu0~16.04.3) ...
Selecting previously unselected package python-minimal.
Preparing to unpack .../python-minimal_2.7.12-1~16.04_amd64.deb ...
Unpacking python-minimal (2.7.12-1~16.04) ...
Selecting previously unselected package libffi6:amd64.
Preparing to unpack .../libffi6_3.2.1-4_amd64.deb ...
Unpacking libffi6:amd64 (3.2.1-4) ...
Selecting previously unselected package libpython2.7-stdlib:amd64.
Preparing to unpack .../libpython2.7-stdlib_2.7.12-1ubuntu0~16.04.3_amd64.deb ...
Unpacking libpython2.7-stdlib:amd64 (2.7.12-1ubuntu0~16.04.3) ...
Selecting previously unselected package python2.7.
Preparing to unpack .../python2.7_2.7.12-1ubuntu0~16.04.3_amd64.deb ...
Unpacking python2.7 (2.7.12-1ubuntu0~16.04.3) ...
Selecting previously unselected package libpython-stdlib:amd64.
Preparing to unpack .../libpython-stdlib_2.7.12-1~16.04_amd64.deb ...
Unpacking libpython-stdlib:amd64 (2.7.12-1~16.04) ...
Processing triggers for libc-bin (2.23-0ubuntu10) ...
Processing triggers for mime-support (3.59ubuntu1) ...
Setting up libpython2.7-minimal:amd64 (2.7.12-1ubuntu0~16.04.3) ...
Setting up python2.7-minimal (2.7.12-1ubuntu0~16.04.3) ...
Linking and byte-compiling packages for runtime python2.7...
Setting up python-minimal (2.7.12-1~16.04) ...
Selecting previously unselected package python.
(Reading database ... 10153 files and directories currently installed.)
Preparing to unpack .../python_2.7.12-1~16.04_amd64.deb ...
Unpacking python (2.7.12-1~16.04) ...
Setting up libffi6:amd64 (3.2.1-4) ...
Setting up libpython2.7-stdlib:amd64 (2.7.12-1ubuntu0~16.04.3) ...
Setting up python2.7 (2.7.12-1ubuntu0~16.04.3) ...
Setting up libpython-stdlib:amd64 (2.7.12-1~16.04) ...
Setting up python (2.7.12-1~16.04) ...
Processing triggers for libc-bin (2.23-0ubuntu10) ...
Removing intermediate container f113241eacc2
 ---> a2cc5cc66420
Step 3/11 : RUN mkdir /var/run/sshd
 ---> Running in 6817920a72e9
Removing intermediate container 6817920a72e9
 ---> 6e3a90a9eecc
Step 4/11 : RUN echo 'root:root' | chpasswd
 ---> Running in 5e1fd29759df
Removing intermediate container 5e1fd29759df
 ---> 6a8390d524d2
Step 5/11 : RUN sed -i 's/PermitRootLogin prohibit-password/PermitRootLogin yes/' /etc/ssh/sshd_config
 ---> Running in 39ba4c07e8b1
Removing intermediate container 39ba4c07e8b1
 ---> 2129e6e21514
Step 6/11 : RUN sed 's@session\s*required\s*pam_loginuid.so@session optional pam_loginuid.so@g' -i /etc/pam.d/sshd
 ---> Running in e087328343ad
Removing intermediate container e087328343ad
 ---> 88f2ea917111
Step 7/11 : RUN mkdir -p /root/.ssh
 ---> Running in bf18fd9b06eb
Removing intermediate container bf18fd9b06eb
 ---> 6cb267c890ba
Step 8/11 : COPY authorized_keys /root/.ssh/authorized_keys
 ---> f001ecabafa6
Step 9/11 : EXPOSE 22
 ---> Running in ef09f3e54fbb
Removing intermediate container ef09f3e54fbb
 ---> a555f7261570
Step 10/11 : EXPOSE 80
 ---> Running in ab77732cdec5
Removing intermediate container ab77732cdec5
 ---> ad514839bd26
Step 11/11 : CMD ["/usr/sbin/sshd", "-D"]
 ---> Running in 4242eb42d71c
Removing intermediate container 4242eb42d71c
 ---> 5b27e1379914
Successfully built 5b27e1379914
Successfully tagged verizon/ansible-ubuntu:latest
root@ubuntu:~/verizon/Day2/ansible/ubuntu-ansible# 

Now list the docker images to view our built image
--------------------

root@ubuntu:~/verizon/Day2/ansible/ubuntu-ansible# docker images
REPOSITORY               TAG                 IMAGE ID            CREATED             SIZE
verizon/ansible-ubuntu   latest              5b27e1379914        2 minutes ago       234MB
wordpress                latest              41e689eea0cd        3 days ago          408MB
nginx                    latest              71c43202b8ac        5 days ago          109MB
ubuntu                   16.04               52b10959e8aa        12 days ago         115MB
ubuntu                   latest              16508e5c265d        12 days ago         84.1MB
mysql                    latest              29e0ae3b69b9        2 weeks ago         484MB
bash                     latest              505b35eff06a        4 weeks ago         14MB
hello-world              latest              2cb0d9787c4d        7 weeks ago         1.85kB
root@ubuntu:~/verizon/Day2/ansible/ubuntu-ansible# 

Now build a container named ubuntu1 and name the host as ubuntu1 with port forwatding from 2000 and 8000 on local machine to 22 and 80 on training machine
-----------------------------
root@ubuntu:~/verizon/Day2/ansible/ubuntu-ansible# docker run -d --name ubuntu1 --hostname ubuntu1 -p 2000:22 -p 8000:80 verizon/ansible-ubuntu
19d5af557c82353d38253d6cffac07c528977d9138492867f1cfbe31bd224528

Now get the iP of teh created container ubuntu and try to do an ssh
-------------------------
root@ubuntu:~/verizon/Day2/ansible/ubuntu-ansible# ssh root@172.17.0.2
The authenticity of host '172.17.0.2 (172.17.0.2)' can't be established.
ECDSA key fingerprint is SHA256:+ctu3QJI6ipkabUCc6O42sVQMYeTokXoTtaqkYa3lOo.
Are you sure you want to continue connecting (yes/no)? yes
Warning: Permanently added '172.17.0.2' (ECDSA) to the list of known hosts.
Welcome to Ubuntu 16.04.5 LTS (GNU/Linux 4.15.0-33-generic x86_64)

 * Documentation:  https://help.ubuntu.com
 * Management:     https://landscape.canonical.com
 * Support:        https://ubuntu.com/advantage

The programs included with the Ubuntu system are free software;
the exact distribution terms for each program are described in the
individual files in /usr/share/doc/*/copyright.

Ubuntu comes with ABSOLUTELY NO WARRANTY, to the extent permitted by
applicable law.

root@ubuntu1:~# 
root@ubuntu1:~# 
root@ubuntu1:~# exit
logout
Connection to 172.17.0.2 closed.

As we accepted this as a secured connection going forward this wont prompt anything to connect
------------------
root@ubuntu:~/verizon/Day2/ansible/ubuntu-ansible# ssh root@172.17.0.2
Welcome to Ubuntu 16.04.5 LTS (GNU/Linux 4.15.0-33-generic x86_64)

 * Documentation:  https://help.ubuntu.com
 * Management:     https://landscape.canonical.com
 * Support:        https://ubuntu.com/advantage
Last login: Tue Sep  4 05:50:33 2018 from 172.17.0.1
root@ubuntu1:~# 

Now try to access the container with local port 2000 as localhost root user
--------------------------------------------
root@ubuntu:~/verizon/Day2/ansible/ubuntu-ansible# docker ps
CONTAINER ID        IMAGE                    COMMAND               CREATED             STATUS              PORTS                                        NAMES
19d5af557c82        verizon/ansible-ubuntu   "/usr/sbin/sshd -D"   9 minutes ago       Up 9 minutes        0.0.0.0:2000->22/tcp, 0.0.0.0:8000->80/tcp   ubuntu1
root@ubuntu:~/verizon/Day2/ansible/ubuntu-ansible# 
root@ubuntu:~/verizon/Day2/ansible/ubuntu-ansible# 
root@ubuntu:~/verizon/Day2/ansible/ubuntu-ansible# ssh -p 2000 root@localhost
The authenticity of host '[localhost]:2000 ([127.0.0.1]:2000)' can't be established.
ECDSA key fingerprint is SHA256:+ctu3QJI6ipkabUCc6O42sVQMYeTokXoTtaqkYa3lOo.
Are you sure you want to continue connecting (yes/no)? yes
Warning: Permanently added '[localhost]:2000' (ECDSA) to the list of known hosts.
Welcome to Ubuntu 16.04.5 LTS (GNU/Linux 4.15.0-33-generic x86_64)

 * Documentation:  https://help.ubuntu.com
 * Management:     https://landscape.canonical.com
 * Support:        https://ubuntu.com/advantage
Last login: Tue Sep  4 05:51:01 2018 from 172.17.0.1
root@ubuntu1:~# 
root@ubuntu1:~# exit
logout
Connection to localhost closed.
root@ubuntu:~/verizon/Day2/ansible/ubuntu-ansible# ssh -p 2000 root@localhost
Welcome to Ubuntu 16.04.5 LTS (GNU/Linux 4.15.0-33-generic x86_64)

 * Documentation:  https://help.ubuntu.com
 * Management:     https://landscape.canonical.com
 * Support:        https://ubuntu.com/advantage
Last login: Tue Sep  4 05:57:42 2018 from 172.17.0.1
root@ubuntu1:~# exit
logout
Connection to localhost closed.


Now we create another 2 containers with ubuntu2 and 3., change the local ports
-----------------------------------

root@ubuntu:~/verizon/Day2/ansible# docker run -d --name ubuntu2 --hostname ubuntu2 -p 2001:22 -p 8001:80 verizon/ansible-ubuntu
cb673103fe9f340c8f9da10f6fa6d8ca8d6d3c0a7de7fdf892a0f51cefc555ae
root@ubuntu:~/verizon/Day2/ansible# docker run -d --name ubuntu3 --hostname ubuntu3 -p 2002:22 -p 8002:80 verizon/ansible-ubuntu
f17825cdffcf779f73325d75c577a9ca2f86713372460c8c52e44909baabea99

List the containers
-------------------
root@ubuntu:~/verizon/Day2/ansible# docker ps
CONTAINER ID        IMAGE                    COMMAND               CREATED             STATUS              PORTS                                        NAMES
f17825cdffcf        verizon/ansible-ubuntu   "/usr/sbin/sshd -D"   5 seconds ago       Up 4 seconds        0.0.0.0:2002->22/tcp, 0.0.0.0:8002->80/tcp   ubuntu3
cb673103fe9f        verizon/ansible-ubuntu   "/usr/sbin/sshd -D"   26 seconds ago      Up 25 seconds       0.0.0.0:2001->22/tcp, 0.0.0.0:8001->80/tcp   ubuntu2
19d5af557c82        verizon/ansible-ubuntu   "/usr/sbin/sshd -D"   42 minutes ago      Up 42 minutes       0.0.0.0:2000->22/tcp, 0.0.0.0:8000->80/tcp   ubuntu1
root@ubuntu:~/verizon/Day2/ansible# 

Now try to connect teh containers with ports..
---------------------
root@ubuntu:~/verizon/Day2/ansible# ssh -p 2001 root@localhost
Welcome to Ubuntu 16.04.5 LTS (GNU/Linux 4.15.0-33-generic x86_64)

 * Documentation:  https://help.ubuntu.com
 * Management:     https://landscape.canonical.com
 * Support:        https://ubuntu.com/advantage
Last login: Tue Sep  4 06:33:01 2018 from 172.17.0.1
root@ubuntu2:~# 
root@ubuntu2:~# exit
logout
Connection to localhost closed.
root@ubuntu:~/verizon/Day2/ansible# ssh -p 2002 root@localhost
Welcome to Ubuntu 16.04.5 LTS (GNU/Linux 4.15.0-33-generic x86_64)

 * Documentation:  https://help.ubuntu.com
 * Management:     https://landscape.canonical.com
 * Support:        https://ubuntu.com/advantage
Last login: Tue Sep  4 06:33:11 2018 from 172.17.0.1
root@ubuntu3:~# exit
logout
Connection to localhost closed.





